This is pdfTeX, Version 3.141592653-2.6-1.40.29 (TeX Live 2026) (preloaded format=pdflatex 2026.3.1)  2 JUL 2026 17:18
entering extended mode
 restricted \write18 enabled.
 %&-line parsing enabled.
**Notas_segundo_parcial.tex
(./Notas_segundo_parcial.tex
LaTeX2e <2025-11-01>
L3 programming layer <2026-01-19>
(/usr/local/texlive/2026/texmf-dist/tex/latex/base/article.cls
Document Class: article 2025/01/22 v1.4n Standard LaTeX document class
(/usr/local/texlive/2026/texmf-dist/tex/latex/base/size12.clo
File: size12.clo 2025/01/22 v1.4n Standard LaTeX file (size option)
)
\c@part=\count275
\c@section=\count276
\c@subsection=\count277
\c@subsubsection=\count278
\c@paragraph=\count279
\c@subparagraph=\count280
\c@figure=\count281
\c@table=\count282
\abovecaptionskip=\skip49
\belowcaptionskip=\skip50
\bibindent=\dimen148
)
(/usr/local/texlive/2026/texmf-dist/tex/latex/base/inputenc.sty
Package: inputenc 2024/02/08 v1.3d Input encoding file
\inpenc@prehook=\toks17
\inpenc@posthook=\toks18
)
(/usr/local/texlive/2026/texmf-dist/tex/generic/babel/babel.sty
Package: babel 2026/02/14 v26.3 The multilingual framework for LuaLaTeX, pdfLaT
eX and XeLaTeX
\babel@savecnt=\count283
LaTeX Encoding Info:    Redeclaring text command \ij (encoding OT1) on input li
ne 2078.
LaTeX Encoding Info:    Redeclaring text command \IJ (encoding OT1) on input li
ne 2080.
LaTeX Encoding Info:    Redeclaring text command \ij (encoding T1) on input lin
e 2082.
LaTeX Encoding Info:    Redeclaring text command \IJ (encoding T1) on input lin
e 2083.
LaTeX Encoding Info:    Ignoring declaration for text command \ij (encoding ?) 
on input line 2084.
LaTeX Encoding Info:    Ignoring declaration for text command \IJ (encoding ?) 
on input line 2086.
LaTeX Encoding Info:    Ignoring declaration for text command \SS (encoding ?) 
on input line 2111.
\U@D=\dimen149
\l@unhyphenated=\language91

(/usr/local/texlive/2026/texmf-dist/tex/generic/babel/txtbabel.def)
\bbl@readstream=\read2
\bbl@dirlevel=\count284

(/usr/local/texlive/2026/texmf-dist/tex/generic/babel/locale/es/babel-spanish.t
ex)
Package babel Info: Importing font and identification data for spanish
(babel)             from babel-es.ini. Reported on input line 4330.
 (/usr/local/texlive/2026/texmf-dist/tex/generic/babel-spanish/spanish.ldf
Language: spanish.ldf 2021/05/27 v5.0q Spanish support from the babel system
\es@quottoks=\toks19
\es@quotdepth=\count285
Package babel Info: Making " an active character on input line 570.
Package babel Info: Making . an active character on input line 675.
Package babel Info: Making < an active character on input line 722.
Package babel Info: Making > an active character on input line 722.
))
LaTeX Encoding Info:    Redeclaring text command \guillemotleft (encoding OT1) 
on input line 4.
LaTeX Encoding Info:    Redeclaring text command \guillemotright (encoding OT1)
 on input line 4.
(/usr/local/texlive/2026/texmf-dist/tex/latex/amsmath/amsmath.sty
Package: amsmath 2025/07/09 v2.17z AMS math features
\@mathmargin=\skip51

For additional information on amsmath, use the `?' option.
(/usr/local/texlive/2026/texmf-dist/tex/latex/amsmath/amstext.sty
Package: amstext 2024/11/17 v2.01 AMS text

(/usr/local/texlive/2026/texmf-dist/tex/latex/amsmath/amsgen.sty
File: amsgen.sty 1999/11/30 v2.0 generic functions
\@emptytoks=\toks20
\ex@=\dimen150
))
(/usr/local/texlive/2026/texmf-dist/tex/latex/amsmath/amsbsy.sty
Package: amsbsy 1999/11/29 v1.2d Bold Symbols
\pmbraise@=\dimen151
)
(/usr/local/texlive/2026/texmf-dist/tex/latex/amsmath/amsopn.sty
Package: amsopn 2022/04/08 v2.04 operator names
)
\inf@bad=\count286
LaTeX Info: Redefining \frac on input line 233.
\uproot@=\count287
\leftroot@=\count288
LaTeX Info: Redefining \overline on input line 398.
LaTeX Info: Redefining \colon on input line 409.
\classnum@=\count289
\DOTSCASE@=\count290
LaTeX Info: Redefining \ldots on input line 495.
LaTeX Info: Redefining \dots on input line 498.
LaTeX Info: Redefining \cdots on input line 619.
\Mathstrutbox@=\box53
\strutbox@=\box54
LaTeX Info: Redefining \big on input line 721.
LaTeX Info: Redefining \Big on input line 722.
LaTeX Info: Redefining \bigg on input line 723.
LaTeX Info: Redefining \Bigg on input line 724.
\big@size=\dimen152
LaTeX Font Info:    Redeclaring font encoding OML on input line 742.
LaTeX Font Info:    Redeclaring font encoding OMS on input line 743.
\macc@depth=\count291
LaTeX Info: Redefining \bmod on input line 904.
LaTeX Info: Redefining \pmod on input line 909.
LaTeX Info: Redefining \smash on input line 939.
LaTeX Info: Redefining \relbar on input line 969.
LaTeX Info: Redefining \Relbar on input line 970.
\c@MaxMatrixCols=\count292
\dotsspace@=\muskip17
\c@parentequation=\count293
\dspbrk@lvl=\count294
\tag@help=\toks21
\row@=\count295
\column@=\count296
\maxfields@=\count297
\andhelp@=\toks22
\eqnshift@=\dimen153
\alignsep@=\dimen154
\tagshift@=\dimen155
\tagwidth@=\dimen156
\totwidth@=\dimen157
\lineht@=\dimen158
\@envbody=\toks23
\multlinegap=\skip52
\multlinetaggap=\skip53
\mathdisplay@stack=\toks24
LaTeX Info: Redefining \[ on input line 2950.
LaTeX Info: Redefining \] on input line 2951.
)
(/usr/local/texlive/2026/texmf-dist/tex/latex/amsfonts/amssymb.sty
Package: amssymb 2013/01/14 v3.01 AMS font symbols

(/usr/local/texlive/2026/texmf-dist/tex/latex/amsfonts/amsfonts.sty
Package: amsfonts 2013/01/14 v3.01 Basic AMSFonts support
\symAMSa=\mathgroup4
\symAMSb=\mathgroup5
LaTeX Font Info:    Redeclaring math symbol \hbar on input line 98.
LaTeX Font Info:    Overwriting math alphabet `\mathfrak' in version `bold'
(Font)                  U/euf/m/n --> U/euf/b/n on input line 106.
))
(/usr/local/texlive/2026/texmf-dist/tex/latex/geometry/geometry.sty
Package: geometry 2020/01/02 v5.9 Page Geometry

(/usr/local/texlive/2026/texmf-dist/tex/latex/graphics/keyval.sty
Package: keyval 2022/05/29 v1.15 key=value parser (DPC)
\KV@toks@=\toks25
)
(/usr/local/texlive/2026/texmf-dist/tex/generic/iftex/ifvtex.sty
Package: ifvtex 2019/10/25 v1.7 ifvtex legacy package. Use iftex instead.

(/usr/local/texlive/2026/texmf-dist/tex/generic/iftex/iftex.sty
Package: iftex 2024/12/12 v1.0g TeX engine tests
))
\Gm@cnth=\count298
\Gm@cntv=\count299
\c@Gm@tempcnt=\count300
\Gm@bindingoffset=\dimen159
\Gm@wd@mp=\dimen160
\Gm@odd@mp=\dimen161
\Gm@even@mp=\dimen162
\Gm@layoutwidth=\dimen163
\Gm@layoutheight=\dimen164
\Gm@layouthoffset=\dimen165
\Gm@layoutvoffset=\dimen166
\Gm@dimlist=\toks26
)
(/usr/local/texlive/2026/texmf-dist/tex/latex/graphics/graphicx.sty
Package: graphicx 2024/12/31 v1.2e Enhanced LaTeX Graphics (DPC,SPQR)

(/usr/local/texlive/2026/texmf-dist/tex/latex/graphics/graphics.sty
Package: graphics 2024/08/06 v1.4g Standard LaTeX Graphics (DPC,SPQR)

(/usr/local/texlive/2026/texmf-dist/tex/latex/graphics/trig.sty
Package: trig 2023/12/02 v1.11 sin cos tan (DPC)
)
(/usr/local/texlive/2026/texmf-dist/tex/latex/graphics-cfg/graphics.cfg
File: graphics.cfg 2016/06/04 v1.11 sample graphics configuration
)
Package graphics Info: Driver file: pdftex.def on input line 106.

(/usr/local/texlive/2026/texmf-dist/tex/latex/graphics-def/pdftex.def
File: pdftex.def 2025/09/29 v1.2d Graphics/color driver for pdftex
))
\Gin@req@height=\dimen167
\Gin@req@width=\dimen168
)
(/usr/local/texlive/2026/texmf-dist/tex/latex/xcolor/xcolor.sty
Package: xcolor 2024/09/29 v3.02 LaTeX color extensions (UK)

(/usr/local/texlive/2026/texmf-dist/tex/latex/graphics-cfg/color.cfg
File: color.cfg 2016/01/02 v1.6 sample color configuration
)
Package xcolor Info: Driver file: pdftex.def on input line 274.

(/usr/local/texlive/2026/texmf-dist/tex/latex/graphics/mathcolor.ltx)
Package xcolor Info: Model `cmy' substituted by `cmy0' on input line 1349.
Package xcolor Info: Model `hsb' substituted by `rgb' on input line 1353.
Package xcolor Info: Model `RGB' extended on input line 1365.
Package xcolor Info: Model `HTML' substituted by `rgb' on input line 1367.
Package xcolor Info: Model `Hsb' substituted by `hsb' on input line 1368.
Package xcolor Info: Model `tHsb' substituted by `hsb' on input line 1369.
Package xcolor Info: Model `HSB' substituted by `hsb' on input line 1370.
Package xcolor Info: Model `Gray' substituted by `gray' on input line 1371.
Package xcolor Info: Model `wave' substituted by `hsb' on input line 1372.
)
(/usr/local/texlive/2026/texmf-dist/tex/latex/l3backend/l3backend-pdftex.def
File: l3backend-pdftex.def 2025-10-09 L3 backend support: PDF output (pdfTeX)
\l__color_backend_stack_int=\count301
)
(./Notas_segundo_parcial.aux
LaTeX Info: Redefining \. on input line 8.
LaTeX Info: Redefining \% on input line 8.
Package babel Info: 'spanish' activates 'spanish' shorthands.
(babel)             Reported on input line 8.
)
\openout1 = `Notas_segundo_parcial.aux'.

LaTeX Font Info:    Checking defaults for OML/cmm/m/it on input line 15.
LaTeX Font Info:    ... okay on input line 15.
LaTeX Font Info:    Checking defaults for OMS/cmsy/m/n on input line 15.
LaTeX Font Info:    ... okay on input line 15.
LaTeX Font Info:    Checking defaults for OT1/cmr/m/n on input line 15.
LaTeX Font Info:    ... okay on input line 15.
LaTeX Font Info:    Checking defaults for T1/cmr/m/n on input line 15.
LaTeX Font Info:    ... okay on input line 15.
LaTeX Font Info:    Checking defaults for TS1/cmr/m/n on input line 15.
LaTeX Font Info:    ... okay on input line 15.
LaTeX Font Info:    Checking defaults for OMX/cmex/m/n on input line 15.
LaTeX Font Info:    ... okay on input line 15.
LaTeX Font Info:    Checking defaults for U/cmr/m/n on input line 15.
LaTeX Font Info:    ... okay on input line 15.
LaTeX Info: Redefining \. on input line 15.
LaTeX Info: Redefining \% on input line 15.

*geometry* driver: auto-detecting
*geometry* detected driver: pdftex
*geometry* verbose mode - [ preamble ] result:
* driver: pdftex
* paper: a4paper
* layout: <same size as paper>
* layoutoffset:(h,v)=(0.0pt,0.0pt)
* modes: 
* h-part:(L,W,R)=(72.26999pt, 452.9679pt, 72.26999pt)
* v-part:(T,H,B)=(72.26999pt, 700.50687pt, 72.26999pt)
* \paperwidth=597.50787pt
* \paperheight=845.04684pt
* \textwidth=452.9679pt
* \textheight=700.50687pt
* \oddsidemargin=0.0pt
* \evensidemargin=0.0pt
* \topmargin=-37.0pt
* \headheight=12.0pt
* \headsep=25.0pt
* \topskip=12.0pt
* \footskip=30.0pt
* \marginparwidth=44.0pt
* \marginparsep=10.0pt
* \columnsep=10.0pt
* \skip\footins=10.8pt plus 4.0pt minus 2.0pt
* \hoffset=0.0pt
* \voffset=0.0pt
* \mag=1000
* \@twocolumnfalse
* \@twosidefalse
* \@mparswitchfalse
* \@reversemarginfalse
* (1in=72.27pt=25.4mm, 1cm=28.453pt)

(/usr/local/texlive/2026/texmf-dist/tex/context/base/mkii/supp-pdf.mkii
[Loading MPS to PDF converter (version 2006.09.02).]
\scratchcounter=\count302
\scratchdimen=\dimen169
\scratchbox=\box55
\nofMPsegments=\count303
\nofMParguments=\count304
\everyMPshowfont=\toks27
\MPscratchCnt=\count305
\MPscratchDim=\dimen170
\MPnumerator=\count306
\makeMPintoPDFobject=\count307
\everyMPtoPDFconversion=\toks28
) (/usr/local/texlive/2026/texmf-dist/tex/latex/epstopdf-pkg/epstopdf-base.sty
Package: epstopdf-base 2020-01-24 v2.11 Base part for package epstopdf
Package epstopdf-base Info: Redefining graphics rule for `.eps' on input line 4
85.

(/usr/local/texlive/2026/texmf-dist/tex/latex/latexconfig/epstopdf-sys.cfg
File: epstopdf-sys.cfg 2010/07/13 v1.3 Configuration of (r)epstopdf for TeX Liv
e
))
LaTeX Font Info:    Trying to load font information for U+msa on input line 17.


(/usr/local/texlive/2026/texmf-dist/tex/latex/amsfonts/umsa.fd
File: umsa.fd 2013/01/14 v3.01 AMS symbols A
)
LaTeX Font Info:    Trying to load font information for U+msb on input line 17.


(/usr/local/texlive/2026/texmf-dist/tex/latex/amsfonts/umsb.fd
File: umsb.fd 2013/01/14 v3.01 AMS symbols B
)
Overfull \hbox (20.462pt too wide) in paragraph at lines 19--19
[]\OT1/cmr/bx/n/17.28 Caracter^^S^^Psti-cas de las on-das Elec-tro-magn^^Seti-c
as (EM) 
 []

[1

{/usr/local/texlive/2026/texmf-var/fonts/map/pdftex/updmap/pdftex.map}]
[2] [3] [4] [5{/usr/local/texlive/2026/texmf-dist/fonts/enc/dvips/cm-super/cm-s
uper-ts1.enc}]
Underfull \hbox (badness 10000) in paragraph at lines 258--259
[][] \OT1/cmr/bx/n/12 Des-fa-se
 []


Overfull \hbox (4.50305pt too wide) detected at line 279
[]
 []

[6] [7]
Underfull \hbox (badness 10000) in paragraph at lines 396--397
[]\OT1/cmr/m/it/12 [Imagen: gra-fi-
 []


Overfull \hbox (23.21751pt too wide) in paragraph at lines 396--397
\OT1/cmr/m/it/12 ca[]dos[]ondas[]amplitudes[]diferentes.png] 
 []


Overfull \hbox (59.42142pt too wide) in paragraph at lines 387--398
[]\OT1/cmr/m/n/12 Integrando es-tos dos re-sul-ta-dos en la ecua-ci^^Son de la 
I: $[]$
 []

[8]
Overfull \hbox (331.82396pt too wide) in paragraph at lines 448--449
[]$[]$ $[]$
 []

[9]
Overfull \hbox (23.62482pt too wide) in paragraph at lines 474--475
[][][][][][][] 
 []


Overfull \hbox (23.62482pt too wide) in paragraph at lines 483--484
[][][][][][][] 
 []


Underfull \hbox (badness 10000) in paragraph at lines 497--498
[]\OT1/cmr/m/it/12 [Imagen: es-que-
 []


Overfull \hbox (61.61047pt too wide) in paragraph at lines 497--498
\OT1/cmr/m/it/12 ma[]ondas[]acrilico[]reduccion[]velocidad.png] 
 []

[10]
Overfull \hbox (23.62482pt too wide) in paragraph at lines 533--535
[][][][][][][]
 []


Overfull \hbox (6.0pt too wide) in paragraph at lines 533--535
[][][][][][] 
 []


Underfull \hbox (badness 10000) in paragraph at lines 546--547
[]\OT1/cmr/m/it/12 [Imagen:
 []


Overfull \hbox (17.7986pt too wide) in paragraph at lines 546--547
\OT1/cmr/m/it/12 dos[]focos[]ondas[]esfericas[]punto[]P.png] 
 []

[11] [12]
Overfull \hbox (23.62482pt too wide) in paragraph at lines 627--628
[][][][][][][] 
 []

[13] [14] [15]
Underfull \hbox (badness 10000) in paragraph at lines 780--781
[]\OT1/cmr/m/it/12 [Imagen: gra-fi-
 []


Overfull \hbox (23.62482pt too wide) in paragraph at lines 807--808
[][][][][][][] 
 []


Underfull \hbox (badness 10000) in paragraph at lines 816--817
[]\OT1/cmr/m/it/12 [Imagen: me-di-
 []


Overfull \hbox (8.09734pt too wide) in paragraph at lines 816--817
\OT1/cmr/m/it/12 cion[]resonancias[]camara[]rapida.png] 
 []


Underfull \hbox (badness 5939) in paragraph at lines 820--821
[]\OT1/cmr/m/n/20.74 Medici^^Son de re-so-nan-cias
 []

[16]
Overfull \hbox (23.62482pt too wide) in paragraph at lines 838--839
[][][][][][][] 
 []


Overfull \hbox (23.62482pt too wide) in paragraph at lines 860--861
[][][][][][][] 
 []

[17]
Overfull \hbox (23.62482pt too wide) in paragraph at lines 873--874
[][][][][][][] 
 []


Underfull \hbox (badness 10000) in paragraph at lines 881--882
[]\OT1/cmr/m/it/12 [Imagen: in-ter-fe-ren-
 []


Overfull \hbox (23.62482pt too wide) in paragraph at lines 889--890
[][][][][][][] 
 []


Overfull \hbox (23.62482pt too wide) in paragraph at lines 894--895
[][][][][][][] 
 []


Underfull \hbox (badness 10000) in paragraph at lines 898--899
[]\OT1/cmr/m/it/12 [Imagen: di-frac-
 []


Overfull \hbox (19.36972pt too wide) in paragraph at lines 898--899
\OT1/cmr/m/it/12 cion[]superficie[]iluminada.png] 
 []


Overfull \hbox (6.0pt too wide) in paragraph at lines 904--905
[][][][][][][] 
 []


Underfull \hbox (badness 10000) in paragraph at lines 909--911
[]\OT1/cmr/m/it/12 [Imagen: dia-gra-
 []


Underfull \hbox (badness 2856) in paragraph at lines 909--911
\OT1/cmr/m/it/12 de dis-per-si^^Son', re-flej^^Sando-se ha-cia la
 []

[18]
Underfull \hbox (badness 10000) in paragraph at lines 950--951
[]\OT1/cmr/m/it/12 [Imagen: his-to-gra-
 []


Overfull \hbox (23.62482pt too wide) in paragraph at lines 957--958
[][][][][][][] 
 []

[19]
Underfull \hbox (badness 10000) in paragraph at lines 961--962
[]\OT1/cmr/m/it/12 [Imagen: spec-
 []


Overfull \hbox (0.74738pt too wide) in paragraph at lines 961--962
\OT1/cmr/m/it/12 kle[]objetivo[]fases[]interferencia.png] 
 []


Underfull \hbox (badness 10000) in paragraph at lines 965--967
\OT1/cmr/m/it/12 [Imagen: con-fi-gu-ra-
 []


Overfull \hbox (23.62482pt too wide) in paragraph at lines 991--992
[][][][][][][] 
 []


Underfull \hbox (badness 10000) in paragraph at lines 1015--1016
[]\OT1/cmr/m/it/12 [Imagen: es-que-
 []


Underfull \hbox (badness 10000) in paragraph at lines 1015--1016

 []


Underfull \hbox (badness 10000) in paragraph at lines 1023--1024
[]\OT1/cmr/m/it/12 [Imagen: con-fi-gu-ra-
 []


Underfull \hbox (badness 10000) in paragraph at lines 1023--1024

 []

[20]
Underfull \hbox (badness 10000) in paragraph at lines 1037--1037

 []


Overfull \hbox (23.62482pt too wide) in paragraph at lines 1037--1038
[][][][][][][] 
 []


Overfull \hbox (23.62482pt too wide) in paragraph at lines 1050--1051
[][][][][][][] 
 []

[21] [22]
Overfull \hbox (109.98477pt too wide) in paragraph at lines 1113--1117
[]\OT1/cmr/m/it/12 [Imagen: fran-jas[]correlacion[]desplazamiento[]objeto.png] 
[Ima-gen: pro-ce-so[]sustraccion[]patrones[]speckle.png] 
 []


Overfull \hbox (23.62482pt too wide) in paragraph at lines 1123--1124
[][][][][][][] 
 []


Overfull \hbox (23.62482pt too wide) in paragraph at lines 1135--1138
[][][][][][][]
 []


Overfull \hbox (18.78552pt too wide) in paragraph at lines 1135--1138
\OT1/cmr/m/n/12 a) una que in-te-gra la in-ten-si-dad mien-tras la fa-se au-men
-ta li-neal-men-te, lla-ma-da [][][][][][]
 []

[23]
Underfull \hbox (badness 10000) in paragraph at lines 1146--1148
\OT1/cmr/m/it/12 [Imagen: gra-fi-
 []


Overfull \hbox (82.71016pt too wide) in paragraph at lines 1149--1150
 [][][][][][] 
 []


Underfull \hbox (badness 10000) in paragraph at lines 1158--1159
\OT1/cmr/m/it/12 [Imagen: gra-fi-
 []


Underfull \hbox (badness 10000) in paragraph at lines 1158--1159

 []


Overfull \hbox (55.53267pt too wide) in paragraph at lines 1160--1161
 [][][][][][] 
 []

[24]
Overfull \hbox (23.62482pt too wide) in paragraph at lines 1206--1207
[][][][][][][] 
 []


Overfull \hbox (96.6337pt too wide) in paragraph at lines 1209--1214
\OT1/cmr/m/n/12 di-ci^^Son (ej. usan-do un trans-duc-tor pie-zo-el^^Sectri-co P
ZT). \OT1/cmr/m/it/12 [Ima-gen: me-dios[]modulacion[]cambio[]fase[]a[]b[]c[]d.p
ng] 
 []


Overfull \hbox (188.9756pt too wide) in paragraph at lines 1215--1217
[]\OT1/cmr/m/it/12 [Imagen: es-que-ma[]interferometro[]speckle[]fuera[]plano.pn
g] [Ima-gen: es-que-ma[]transmission[]linear[]gratings[]oscilloscope.png] 
 []

[25]
Overfull \hbox (23.62482pt too wide) in paragraph at lines 1245--1246
[][][][][][][] 
 []


Underfull \hbox (badness 3471) in paragraph at lines 1253--1254
[]\OT1/cmr/m/n/12 Asistencia a se-mi-na-rios $\OMS/cmsy/m/n/12 ^^U$
 []


Underfull \hbox (badness 8038) in paragraph at lines 1260--1261
[][][][][][][]\OT1/cmr/m/n/12 : No apo-yos
 []


Overfull \hbox (23.62482pt too wide) in paragraph at lines 1269--1272
[][][][][][][]
 []


Overfull \hbox (168.32054pt too wide) in paragraph at lines 1269--1272
\OT1/cmr/m/it/12 [Ima-gen: es-que-ma[]modulacion[]espacial[]takeda[]off[]axis.p
ng] [Ima-gen: es-que-ma[]modulacion[]espacial[]efecto[]inclinacion.png] 
 []

[26]
Overfull \hbox (110.52475pt too wide) in paragraph at lines 1287--1289
[]\OT1/cmr/m/it/12 [Imagen: dia-gra-ma[]fase[]interferencia[]fft[]phase[]map.pn
g] [Ima-gen: pa-ne-les[]transformada[]fourier[]filtros.png] 
 []


Overfull \hbox (98.22995pt too wide) in paragraph at lines 1293--1297
\OT1/cmr/m/it/12 [Imagen: pa-tron[]interferencia[]portadora[]baja[]frec.png] [I
ma-gen: pa-tron[]interferencia[]portadora[]alta[]frec.png]
 []


Overfull \hbox (19.86383pt too wide) in paragraph at lines 1304--1306
[]\OT1/cmr/m/it/12 [Imagen: dia-gra-ma[]bloques[]espi.png] [Ima-gen: mon-ta-je[
]experimental[]espi[]laboratorio.png] 
 []


Overfull \hbox (48.57944pt too wide) in paragraph at lines 1317--1322
\OT1/cmr/m/it/12 [Imagen: dia-gra-ma[]sensibilidad[]fuera[]de[]plano.png] [Ima-
gen: es-que-ma[]optico[]dspi[]fuera[]plano.png]
 []


Overfull \hbox (92.71982pt too wide) in paragraph at lines 1317--1322
\OT1/cmr/m/it/12 [Ima-gen: in-ter-fe-ro-gra-mas[]franjas[]viga[]dspi[]a[]c.png]
 [Ima-gen: dia-gra-ma[]3d[]desplazamiento[]fuera[]plano.png] 
 []


Overfull \hbox (5.55904pt too wide) in paragraph at lines 1327--1332
\OT1/cmr/m/it/12 [Imagen: dia-gra-ma[]sensibilidad[]en[]plano.png] [Ima-gen: es
-que-ma[]optico[]dspi[]en[]plano.png]
 []


Overfull \hbox (89.86986pt too wide) in paragraph at lines 1327--1332
\OT1/cmr/m/it/12 [Ima-gen: in-ter-fe-ro-gra-mas[]dspi[]en[]plano[]fase[]envuelt
a.png] [Ima-gen: gra-fi-cas[]3d[]deformacion[]plano[]xy.png] 
 []


Overfull \hbox (53.38945pt too wide) in paragraph at lines 1337--1340
\OT1/cmr/m/it/12 [Imagen: dia-gra-ma[]sensibilidad[]cizalladura.png] [Ima-gen: 
es-que-ma[]optico[]shearography[]prisma.png] 
 []

[27] (./Notas_segundo_parcial.aux
LaTeX Info: Redefining \. on input line 8.
LaTeX Info: Redefining \% on input line 8.
)
 ***********
LaTeX2e <2025-11-01>
L3 programming layer <2026-01-19>
 ***********
 ) 
Here is how much of TeX's memory you used:
 5182 strings out of 467525
 78948 string characters out of 5418983
 516556 words of memory out of 5000000
 34045 multiletter control sequences out of 15000+600000
 641264 words of font info for 91 fonts, out of 8000000 for 9000
 1141 hyphenation exceptions out of 8191
 57i,16n,65p,794b,365s stack positions out of 10000i,1000n,20000p,200000b,200000s
</usr/local/texlive/2026/texmf-dist/fonts/type1/public/amsfonts/cm/cmbx12.pfb
></usr/local/texlive/2026/texmf-dist/fonts/type1/public/amsfonts/cm/cmbx6.pfb><
/usr/local/texlive/2026/texmf-dist/fonts/type1/public/amsfonts/cm/cmbx8.pfb></u
sr/local/texlive/2026/texmf-dist/fonts/type1/public/amsfonts/cm/cmbxti10.pfb></
usr/local/texlive/2026/texmf-dist/fonts/type1/public/amsfonts/cm/cmex10.pfb></u
sr/local/texlive/2026/texmf-dist/fonts/type1/public/amsfonts/cm/cmmi12.pfb></us
r/local/texlive/2026/texmf-dist/fonts/type1/public/amsfonts/cm/cmmi6.pfb></usr/
local/texlive/2026/texmf-dist/fonts/type1/public/amsfonts/cm/cmmi8.pfb></usr/lo
cal/texlive/2026/texmf-dist/fonts/type1/public/amsfonts/cm/cmr10.pfb></usr/loca
l/texlive/2026/texmf-dist/fonts/type1/public/amsfonts/cm/cmr12.pfb></usr/local/
texlive/2026/texmf-dist/fonts/type1/public/amsfonts/cm/cmr17.pfb></usr/local/te
xlive/2026/texmf-dist/fonts/type1/public/amsfonts/cm/cmr6.pfb></usr/local/texli
ve/2026/texmf-dist/fonts/type1/public/amsfonts/cm/cmr8.pfb></usr/local/texlive/
2026/texmf-dist/fonts/type1/public/amsfonts/cm/cmsy10.pfb></usr/local/texlive/2
026/texmf-dist/fonts/type1/public/amsfonts/cm/cmsy8.pfb></usr/local/texlive/202
6/texmf-dist/fonts/type1/public/amsfonts/cm/cmti12.pfb></usr/local/texlive/2026
/texmf-dist/fonts/type1/public/amsfonts/symbols/msam10.pfb></usr/local/texlive/
2026/texmf-dist/fonts/type1/public/cm-super/sfrm1200.pfb>
Output written on Notas_segundo_parcial.pdf (27 pages, 306820 bytes).
PDF statistics:
 183 PDF objects out of 1000 (max. 8388607)
 116 compressed objects within 2 object streams
 0 named destinations out of 1000 (max. 500000)
 1 words of extra memory for PDF output out of 10000 (max. 10000000)

